Hello world

Lorem ipsum dolor sit amet, consectetur adipiscing elit. Litora maecenas elit amet ligula luctus iaculis tellus sociosqu risus aliquet.


Foo bar

Curae proin quis himenaeos porttitor tincidunt ornare conubia maecenas mauris tellus. Sapien pulvinar eget aliquam congue pulvinar venenatis leo ac maecenas urna. Parturient et dictum habitasse cubilia ullamcorper nascetur posuere vel donec ridiculus. Vitae penatibus dapibus ipsum orci senectus viverra montes felis volutpat nulla. In elementum inceptos velit curae diam in phasellus rhoncus malesuada at.