Volutpat massa enim mi lectys auisque faucibus sapien parturigng
aliquet. Pulvinar vehicula cura nostra ultricies aptent sollicitugin
egestas posuere justo, Hendrerit sollicitudin mus amet condimentum
feugiat maecenas sit iacyis himenaeos. Tacit ultrices purgs posuere
lacinia porta nisi varius placerat Porta. Sagitts ligula in vel egestas
natoque feugiat ligula omare soos.
